============================= test session starts =============================
platform win32 -- Python 3.13.5, pytest-8.4.2, pluggy-1.6.0 -- C:\Users\pilla\OneDrive\Desktop\Face2Phase\venv\Scripts\python.exe
cachedir: .pytest_cache
rootdir: C:\Users\pilla\OneDrive\Desktop\Face2Phase
plugins: anyio-4.11.0, asyncio-1.2.0
asyncio: mode=Mode.STRICT, debug=False, asyncio_default_fixture_loop_scope=None, asyncio_default_test_loop_scope=function
collecting ... collected 30 items

tests/test_acoustic_pronunciation.py::TestAcousticPronunciationAnalyzer::test_analyzer_initialization PASSED [  3%]
tests/test_acoustic_pronunciation.py::TestAcousticPronunciationAnalyzer::test_extract_acoustic_features PASSED [  6%]
tests/test_acoustic_pronunciation.py::TestAcousticPronunciationAnalyzer::test_compare_pronunciation_no_reference PASSED [ 10%]
tests/test_acoustic_pronunciation.py::TestAcousticPronunciationAnalyzer::test_compare_pronunciation_with_reference PASSED [ 13%]
tests/test_acoustic_pronunciation.py::TestAcousticPronunciationAnalyzer::test_detect_stress_from_audio PASSED [ 16%]
tests/test_acoustic_pronunciation.py::TestAcousticPronunciationAnalyzer::test_get_reference_features PASSED [ 20%]
tests/test_acoustic_pronunciation.py::TestAcousticPronunciationAnalyzer::test_error_handling PASSED [ 23%]
tests/test_cross_validator.py::TestCrossValidator::test_validator_initialization PASSED [ 26%]
tests/test_cross_validator.py::TestCrossValidator::test_validate_filler_detection_agreement PASSED [ 30%]
tests/test_cross_validator.py::TestCrossValidator::test_validate_filler_detection_disagreement PASSED [ 33%]
tests/test_cross_validator.py::TestCrossValidator::test_validate_filler_detection_no_fillers PASSED [ 36%]
tests/test_cross_validator.py::TestCrossValidator::test_validate_confidence_scores PASSED [ 40%]
tests/test_cross_validator.py::TestCrossValidator::test_validate_confidence_scores_inconsistent PASSED [ 43%]
tests/test_cross_validator.py::TestCrossValidator::test_validate_emotion_voice_consistency PASSED [ 46%]
tests/test_cross_validator.py::TestCrossValidator::test_validate_all PASSED [ 50%]
tests/test_cross_validator.py::TestCrossValidator::test_validate_all_no_video PASSED [ 53%]
tests/test_ml_pattern_recognizer.py::TestMLPatternRecognizer::test_recognizer_initialization PASSED [ 56%]
tests/test_ml_pattern_recognizer.py::TestMLPatternRecognizer::test_extract_features PASSED [ 60%]
tests/test_ml_pattern_recognizer.py::TestMLPatternRecognizer::test_predict_weak_word_fallback PASSED [ 63%]
tests/test_ml_pattern_recognizer.py::TestMLPatternRecognizer::test_get_weak_word_patterns PASSED [ 66%]
tests/test_ml_pattern_recognizer.py::TestMLPatternRecognizer::test_get_weak_word_patterns_empty PASSED [ 70%]
tests/test_ml_pattern_recognizer.py::TestMLPatternRecognizer::test_get_weak_word_patterns_no_weak_words PASSED [ 73%]
tests/test_ml_pattern_recognizer.py::TestMLPatternRecognizer::test_train_model PASSED [ 76%]
tests/test_phase3_integration.py::TestPhase3Integration::test_cross_validator_import PASSED [ 80%]
tests/test_phase3_integration.py::TestPhase3Integration::test_acoustic_analyzer_import PASSED [ 83%]
tests/test_phase3_integration.py::TestPhase3Integration::test_ml_recognizer_import PASSED [ 86%]
tests/test_phase3_integration.py::TestPhase3Integration::test_word_analyzer_with_ml_integration PASSED [ 90%]
tests/test_phase3_integration.py::TestPhase3Integration::test_cross_validation_workflow PASSED [ 93%]
tests/test_phase3_integration.py::TestPhase3Integration::test_all_modules_available PASSED [ 96%]
tests/test_phase3_integration.py::TestPhase3Integration::test_error_handling_integration PASSED [100%]

============================== warnings summary ===============================
venv\Lib\site-packages\spacy\cli\_util.py:23
  C:\Users\pilla\OneDrive\Desktop\Face2Phase\venv\Lib\site-packages\spacy\cli\_util.py:23: DeprecationWarning: Importing 'parser.split_arg_string' is deprecated, it will only be available in 'shell_completion' in Click 9.0.
    from click.parser import split_arg_string

venv\Lib\site-packages\weasel\util\config.py:8
  C:\Users\pilla\OneDrive\Desktop\Face2Phase\venv\Lib\site-packages\weasel\util\config.py:8: DeprecationWarning: Importing 'parser.split_arg_string' is deprecated, it will only be available in 'shell_completion' in Click 9.0.
    from click.parser import split_arg_string

tests/test_acoustic_pronunciation.py::TestAcousticPronunciationAnalyzer::test_error_handling
  C:\Users\pilla\OneDrive\Desktop\Face2Phase\venv\Lib\site-packages\librosa\core\spectrum.py:266: UserWarning: n_fft=2048 is too large for input signal of length=0
    warnings.warn(

tests/test_acoustic_pronunciation.py::TestAcousticPronunciationAnalyzer::test_error_handling
  C:\Users\pilla\OneDrive\Desktop\Face2Phase\venv\Lib\site-packages\librosa\core\spectrum.py:266: UserWarning: n_fft=2048 is too large for input signal of length=3
    warnings.warn(

-- Docs: https://docs.pytest.org/en/stable/how-to/capture-warnings.html
======================= 30 passed, 4 warnings in 14.73s =======================
